TAP version 13
# Subtest: left menus and touching edges do not hide the right native browser
ok 1 - left menus and touching edges do not hide the right native browser
  ---
  duration_ms: 0.767416
  type: 'test'
  ...
# Subtest: actual overlap or global modal hides; hidden and removed overlays restore
ok 2 - actual overlap or global modal hides; hidden and removed overlays restore
  ---
  duration_ms: 0.1655
  type: 'test'
  ...
# Subtest: nested current overlays are recomputed without stale counts
ok 3 - nested current overlays are recomputed without stale counts
  ---
  duration_ms: 0.089125
  type: 'test'
  ...
# Subtest: empty selection is disabled; site alone opens home, not login
ok 4 - empty selection is disabled; site alone opens home, not login
  ---
  duration_ms: 0.823375
  type: 'test'
  ...
# Subtest: explicit URL wins over dropdown and selects its own source partition
ok 5 - explicit URL wins over dropdown and selects its own source partition
  ---
  duration_ms: 1.2755
  type: 'test'
  ...
# Subtest: Bing/Baidu encode full natural language once; selected site limits registered domain
ok 6 - Bing/Baidu encode full natural language once; selected site limits registered domain
  ---
  duration_ms: 1.575167
  type: 'test'
  ...
# Subtest: dangerous and malformed URLs never become searches
ok 7 - dangerous and malformed URLs never become searches
  ---
  duration_ms: 0.661291
  type: 'test'
  ...
# Subtest: zoom is bounded and restored per tab; fit width reads the document without rewriting it
ok 8 - zoom is bounded and restored per tab; fit width reads the document without rewriting it
  ---
  duration_ms: 245.798625
  type: 'test'
  ...
# Subtest: blocked navigation stays with its tab and removes query secrets from notices
ok 9 - blocked navigation stays with its tab and removes query secrets from notices
  ---
  duration_ms: 0.870291
  type: 'test'
  ...
# Subtest: tabs preserve per-page history, reuse URL, share source partition and isolate background
ok 10 - tabs preserve per-page history, reuse URL, share source partition and isolate background
  ---
  duration_ms: 0.93225
  type: 'test'
  ...
# Subtest: cross-site popups inherit opener partition, deny unsafe schemes and bound resources
ok 11 - cross-site popups inherit opener partition, deny unsafe schemes and bound resources
  ---
  duration_ms: 2.221791
  type: 'test'
  ...
# Subtest: teardown after native window destruction closes contents without reading native layout
ok 12 - teardown after native window destruction closes contents without reading native layout
  ---
  duration_ms: 0.187292
  type: 'test'
  ...
# Subtest: research extraction follows an allowed SPA abort and always releases its temporary view
ok 13 - research extraction follows an allowed SPA abort and always releases its temporary view
  ---
  duration_ms: 0.416
  type: 'test'
  ...
# Subtest: foreground permits arbitrary HTTP(S) but background remains source-scoped
ok 14 - foreground permits arbitrary HTTP(S) but background remains source-scoped
  ---
  duration_ms: 0.432541
  type: 'test'
  ...
# Subtest: fit width is capped at 100 percent and idempotent from manual zoom levels
ok 15 - fit width is capped at 100 percent and idempotent from manual zoom levels
  ---
  duration_ms: 1572.777791
  type: 'test'
  ...
1..15
# tests 15
# suites 0
# pass 15
# fail 0
# cancelled 0
# skipped 0
# todo 0
# duration_ms 1881.609166
